COMPREHENSIVE AI ASSISTANT TEST RESULTS
============================================================
Total Test Cases: 65
Session ID: test_session
Total Execution Time: 8.85 seconds
Average Response Time: 0.136 seconds
============================================================

[ 1] 1.1 Personality Response Variations - Greeting 1
Input: 'hello'
Status: FAIL - Error: 'dummy_session'
Response Time: 0.308s
--------------------------------------------------
[ 2] 1.1 Personality Response Variations - Greeting 2
Input: 'hi'
Status: FAIL - Error: 'dummy_session'
Response Time: 0.301s
--------------------------------------------------
[ 3] 1.1 Personality Response Variations - Greeting 3
Input: 'hey'
Status: FAIL - Error: 'dummy_session'
Response Time: 0.301s
--------------------------------------------------
[ 4] 1.3 Sentiment Detection - Negative
Input: 'This is so frustrating!'
Status: PASS
Intent: unknown
Response: I'm here to help with parking! I can show you available slots, help you book parking, check your bookings, or find parking stations. What would you like to do?
Action: None, Screen: None
Response Time: 0.302s
--------------------------------------------------
[ 5] 1.3 Sentiment Detection - Positive
Input: 'Great job, thanks!'
Status: PASS
Intent: unknown
Response: Still need help? I can assist with booking slots, viewing bookings, etc.
Action: None, Screen: None
Response Time: 0.303s
--------------------------------------------------
[ 6] 1.3 Sentiment Detection - Neutral
Input: 'Show me slots'
Status: PASS
Intent: clarification_needed
Response: Which city or parking station are you interested in?
Action: None, Screen: None
Response Time: 0.001s
--------------------------------------------------
[ 7] 1.4 Empathy Responses
Input: 'I'm stressed about parking'
Status: PASS
Intent: clarification_needed
Response: Which city or parking station are you interested in?
Action: None, Screen: None
Response Time: 0.001s
--------------------------------------------------
[ 8] 2.1 Session History - First message
Input: 'Hello'
Status: FAIL - Error: 'dummy_session'
Response Time: 0.301s
--------------------------------------------------
[ 9] 2.1 Session History - Second message
Input: 'Show stations in Bangalore'
Status: FAIL - Error: 'NoneType' object is not subscriptable
Response Time: 0.001s
--------------------------------------------------
[10] 2.1 Session History - Third message
Input: 'What can you do?'
Status: PASS
Intent: unknown
Response: Still need help? I can assist with booking slots, viewing bookings, etc.
Action: None, Screen: None
Response Time: 0.302s
--------------------------------------------------
[11] 2.2 Cross-Reference Handling
Input: 'Show slots at this station'
Status: PASS
Intent: clarification_needed
Response: What type of vehicle do you have? (car, bike, etc.)
Action: None, Screen: None
Response Time: 0.001s
--------------------------------------------------
[12] 2.3 User Preference Memory - Set preferences
Input: 'Show car slots in Bangalore'
Status: FAIL - Error: 'NoneType' object is not subscriptable
Response Time: 0.001s
--------------------------------------------------
[13] 2.3 User Preference Memory - Use preferences
Input: 'Show available slots'
Status: FAIL - Error: 'NoneType' object is not subscriptable
Response Time: 0.001s
--------------------------------------------------
[14] 3.1 Ambiguity Detection - Vague time
Input: 'Book for evening'
Status: PASS
Intent: clarification_needed
Response: When would you like to book the slot? Please provide a date.
Action: None, Screen: None
Response Time: 0.001s
--------------------------------------------------
[15] 3.1 Ambiguity Detection - Missing info
Input: 'I want to book'
Status: PASS
Intent: clarification_needed
Response: When would you like to book the slot? Please provide a date.
Action: None, Screen: None
Response Time: 0.001s
--------------------------------------------------
[16] 3.2 Slot Reference Resolution - Setup
Input: 'Show slots'
Status: FAIL - Error: 'NoneType' object is not subscriptable
Response Time: 0.001s
--------------------------------------------------
[17] 3.2 Slot Reference Resolution - First reference
Input: 'Book the first one'
Status: PASS
Intent: clarification_needed
Response: When would you like to book the slot? Please provide a date.
Action: None, Screen: None
Response Time: 0.001s
--------------------------------------------------
[18] 3.2 Slot Reference Resolution - That reference
Input: 'Book that slot'
Status: PASS
Intent: clarification_needed
Response: When would you like to book the slot? Please provide a date.
Action: None, Screen: None
Response Time: 0.001s
--------------------------------------------------
[19] 3.3 Multiple Entity Extraction
Input: 'Book car slot at MG Road station for 2 hours tomorrow at 3pm'
Status: PASS
Intent: clarification_needed
Response: When would you like to book the slot? Please provide a date.
Action: None, Screen: None
Response Time: 0.001s
--------------------------------------------------
[20] 4.1 Booking Flow - Show slots
Input: 'Show available car slots'
Status: FAIL - Error: 'NoneType' object is not subscriptable
Response Time: 0.001s
--------------------------------------------------
[21] 4.1 Booking Flow - Select slot
Input: 'Book slot 3'
Status: PASS
Intent: clarification_needed
Response: When would you like to book the slot? Please provide a date.
Action: None, Screen: None
Response Time: 0.001s
--------------------------------------------------
[22] 4.1 Booking Flow - Provide details
Input: 'Tomorrow 2pm to 5pm'
Status: PASS
Intent: unknown
Response: Still need help? I can assist with booking slots, viewing bookings, etc.
Action: None, Screen: None
Response Time: 0.302s
--------------------------------------------------
[23] 4.1 Booking Flow - Payment method
Input: 'razorpay'
Status: PASS
Intent: unknown
Response: Still need help? I can assist with booking slots, viewing bookings, etc.
Action: None, Screen: None
Response Time: 0.303s
--------------------------------------------------
[24] 4.1 Booking Flow - Confirm payment
Input: 'yes'
Status: PASS
Intent: unknown
Response: Still need help? I can assist with booking slots, viewing bookings, etc.
Action: None, Screen: None
Response Time: 0.302s
--------------------------------------------------
[25] 4.2 Booking Flow - Partial info
Input: 'Book slot 5'
Status: PASS
Intent: clarification_needed
Response: When would you like to book the slot? Please provide a date.
Action: None, Screen: None
Response Time: 0.001s
--------------------------------------------------
[26] 4.2 Booking Flow - Complete info
Input: 'Tomorrow 3pm to 6pm'
Status: PASS
Intent: unknown
Response: Still need help? I can assist with booking slots, viewing bookings, etc.
Action: None, Screen: None
Response Time: 0.302s
--------------------------------------------------
[27] 4.3 Cancellation Handling
Input: 'cancel'
Status: PASS
Intent: unknown
Response: Nothing to cancel.
Action: None, Screen: None
Response Time: 0.0s
--------------------------------------------------
[28] 4.4 Error Recovery
Input: 'Show slots at invalid station'
Status: FAIL - Error: 'NoneType' object is not subscriptable
Response Time: 0.001s
--------------------------------------------------
[29] 5.1 Intent Priority - Filtered slots
Input: 'Show all car slots in Bangalore'
Status: FAIL - Error: 'NoneType' object is not subscriptable
Response Time: 0.001s
--------------------------------------------------
[30] 5.1 Intent Priority - Stations
Input: 'Show parking stations with slots'
Status: FAIL - Error: 'NoneType' object is not subscriptable
Response Time: 0.006s
--------------------------------------------------
[31] 5.2 Synonym Handling - Book
Input: 'book'
Status: PASS
Intent: clarification_needed
Response: When would you like to book the slot? Please provide a date.
Action: None, Screen: None
Response Time: 0.001s
--------------------------------------------------
[32] 5.2 Synonym Handling - Reserve
Input: 'reserve'
Status: PASS
Intent: book_slot
Response: Understood. I'll get this sorted out for you. To complete your booking, please provide the date, start time, end time.
Action: None, Screen: None
Response Time: 0.303s
--------------------------------------------------
[33] 5.2 Synonym Handling - Get parking
Input: 'get parking'
Status: PASS
Intent: book_slot
Response: Okay... Perfect. Let me take care of the details. To complete your booking, please provide the date, start time, end time.
Action: None, Screen: None
Response Time: 0.302s
--------------------------------------------------
[34] 5.2 Synonym Handling - Rent slot
Input: 'rent slot'
Status: PASS
Intent: book_slot
Response: Perfect. Let me take care of the details. To complete your booking, please provide the date, start time, end time.
Action: None, Screen: None
Response Time: 0.302s
--------------------------------------------------
[35] 5.3 Contextual Intent Boost - After vehicle mention
Input: 'show slots'
Status: FAIL - Error: 'NoneType' object is not subscriptable
Response Time: 0.001s
--------------------------------------------------
[36] 6.1 Time Format Recognition - 12hr
Input: 'at 2pm'
Status: PASS
Intent: book_slot
Response: Perfect. Let me take care of the details. To complete your booking, please provide the date, start time, end time.
Action: None, Screen: None
Response Time: 0.302s
--------------------------------------------------
[37] 6.1 Time Format Recognition - 24hr
Input: '14:00'
Status: PASS
Intent: book_slot
Response: Perfect. Let me take care of the details. To complete your booking, please provide the date, start time, end time.
Action: None, Screen: None
Response Time: 0.302s
--------------------------------------------------
[38] 6.1 Time Format Recognition - Full 12hr
Input: '2:30 PM'
Status: PASS
Intent: book_slot
Response: Got it. Let me handle that for you right away. To complete your booking, please provide the date, start time, end time.
Action: None, Screen: None
Response Time: 0.302s
--------------------------------------------------
[39] 6.2 Date Format Recognition - DD-MM-YYYY
Input: '15-12-2024'
Status: PASS
Intent: book_slot
Response: Perfect. Let me take care of the details. To complete your booking, please provide the date, start time, end time.
Action: None, Screen: None
Response Time: 0.302s
--------------------------------------------------
[40] 6.2 Date Format Recognition - DD/MM/YY
Input: '15/12/24'
Status: PASS
Intent: book_slot
Response: Got it. Let me handle that for you right away. To complete your booking, please provide the date, start time, end time.
Action: None, Screen: None
Response Time: 0.302s
--------------------------------------------------
[41] 6.2 Date Format Recognition - Relative
Input: 'tomorrow'
Status: PASS
Intent: book_slot
Response: Understood. I'll get this sorted out for you. To complete your booking, please provide the date, start time, end time.
Action: None, Screen: None
Response Time: 0.302s
--------------------------------------------------
[42] 6.3 Vehicle Type Detection - Bike
Input: 'bike slots'
Status: FAIL - Error: 'NoneType' object is not subscriptable
Response Time: 0.002s
--------------------------------------------------
[43] 6.3 Vehicle Type Detection - Car
Input: 'parking for car'
Status: FAIL - Error: 'NoneType' object is not subscriptable
Response Time: 0.001s
--------------------------------------------------
[44] 6.3 Vehicle Type Detection - Motorcycle
Input: 'motorcycle parking'
Status: FAIL - Error: 'NoneType' object is not subscriptable
Response Time: 0.001s
--------------------------------------------------
[45] 6.4 City Correction - Misspelled
Input: 'in banglore'
Status: PASS
Intent: book_slot
Response: Hmm... Got it. Let me handle that for you right away. To complete your booking, please provide the date, start time, end time.
Action: None, Screen: None
Response Time: 0.302s
--------------------------------------------------
[46] 6.4 City Correction - Correct
Input: 'in Bangalore'
Status: PASS
Intent: book_slot
Response: Understood. I'll get this sorted out for you. To complete your booking, please provide the date, start time, end time.
Action: None, Screen: None
Response Time: 0.302s
--------------------------------------------------
[47] 7.1 Proactive Suggestions
Input: 'unknown query'
Status: PASS
Intent: book_slot
Response: Got it. Let me handle that for you right away. To complete your booking, please provide the date, start time, end time.
Action: None, Screen: None
Response Time: 0.302s
--------------------------------------------------
[48] 7.2 Missing Information Guidance
Input: 'I want to book a slot'
Status: PASS
Intent: clarification_needed
Response: When would you like to book the slot? Please provide a date.
Action: None, Screen: None
Response Time: 0.001s
--------------------------------------------------
[49] 8.1 Frustration Indicators
Input: 'Why can't you understand?'
Status: PASS
Intent: unknown
Response: I'm sorry you're running into issues. Let me see if there's another way I can assist you.
Action: None, Screen: None
Response Time: 0.0s
--------------------------------------------------
[50] 8.1 Frustration Indicators
Input: 'This is so annoying'
Status: PASS
Intent: unknown
Response: I can tell this isn't working well for you. Let me try something else.
Action: None, Screen: None
Response Time: 0.0s
--------------------------------------------------
[51] 9.1 Payment Method Selection - Razorpay
Input: 'razorpay'
Status: PASS
Intent: book_slot
Response: Understood. I'll get this sorted out for you. To complete your booking, please provide the date, start time, end time.
Action: None, Screen: None
Response Time: 0.302s
--------------------------------------------------
[52] 9.1 Payment Method Selection - Coupon
Input: 'coupon BOOKFREE'
Status: PASS
Intent: clarification_needed
Response: When would you like to book the slot? Please provide a date.
Action: None, Screen: None
Response Time: 0.002s
--------------------------------------------------
[53] 9.2 Booking Confirmation
Input: 'yes'
Status: PASS
Intent: book_slot
Response: Understood. I'll get this sorted out for you. To complete your booking, please provide the date, start time, end time.
Action: None, Screen: None
Response Time: 0.302s
--------------------------------------------------
[54] 9.3 Booking Cancellation
Input: 'no'
Status: PASS
Intent: unknown
Response: Booking cancelled. Let me know if you need help with anything else.
Action: None, Screen: None
Response Time: 0.0s
--------------------------------------------------
[55] 10.1 Station Search
Input: 'Show stations in Bangalore'
Status: FAIL - Error: 'NoneType' object is not subscriptable
Response Time: 0.001s
--------------------------------------------------
[56] 10.2 Slot Availability
Input: 'Show available car slots'
Status: FAIL - Error: 'NoneType' object is not subscriptable
Response Time: 0.001s
--------------------------------------------------
[57] 10.3 User Bookings
Input: 'Show my bookings'
Status: PASS
Intent: clarification_needed
Response: When would you like to book the slot? Please provide a date.
Action: None, Screen: None
Response Time: 0.001s
--------------------------------------------------
[58] 11.1 Empty Input
Input: ''
Status: PASS
Intent: unknown
Response: I'm here to help with parking! I can show you available slots, help you book parking, check your bookings, or find parking stations. What would you like to do?
Action: None, Screen: None
Response Time: 0.302s
--------------------------------------------------
[59] 11.1 Empty Input - Spaces
Input: '   '
Status: PASS
Intent: unknown
Response: Still need help? I can assist with booking slots, viewing bookings, etc.
Action: None, Screen: None
Response Time: 0.302s
--------------------------------------------------
[60] 11.3 Special Characters
Input: 'Book slot #5 @ 2pm!'
Status: PASS
Intent: clarification_needed
Response: When would you like to book the slot? Please provide a date.
Action: None, Screen: None
Response Time: 0.001s
--------------------------------------------------
[61] 12.1 Time-based Greetings
Input: 'hello'
Status: FAIL - Error: 'dummy_session'
Response Time: 0.301s
--------------------------------------------------
[62] 13.1 Successful Pattern Recognition
Input: 'thanks'
Status: PASS
Intent: unknown
Response: Still need help? I can assist with booking slots, viewing bookings, etc.
Action: None, Screen: None
Response Time: 0.303s
--------------------------------------------------
[63] 14.1 Session Isolation - User A
Input: 'Show Bangalore stations'
Status: FAIL - Error: 'NoneType' object is not subscriptable
Response Time: 0.002s
--------------------------------------------------
[64] 14.1 Session Isolation - User B
Input: 'Show this station'
Status: FAIL - Error: 'NoneType' object is not subscriptable
Response Time: 0.001s
--------------------------------------------------
[65] 15.1 Response Time - Basic query
Input: 'show slots'
Status: FAIL - Error: 'NoneType' object is not subscriptable
Response Time: 0.001s
--------------------------------------------------

SUMMARY: 43 passed, 22 failed
